
Discarded input sections

 .comment       0x0000000000000000       0x34 Output/main.o
 .comment       0x0000000000000000       0x34 Output/startup.o
 .comment       0x0000000000000000       0x34 Output/GPIO.o
 .comment       0x0000000000000000       0x34 Output/RCC.o
 .comment       0x0000000000000000       0x34 Output/EXTI.o
 .comment       0x0000000000000000       0x34 Output/UART.o
 .comment       0x0000000000000000       0x34 Output/SYSTICK.o

Memory Configuration

Name             Origin             Length             Attributes
FLASH            0x0000000008000000 0x0000000000010000 xr
RAM              0x0000000020000000 0x0000000000005000 xrw
*default*        0x0000000000000000 0xffffffffffffffff

Linker script and memory map

LOAD Output/main.o
LOAD Output/startup.o
LOAD Output/GPIO.o
LOAD Output/RCC.o
LOAD Output/EXTI.o
LOAD Output/UART.o
LOAD Output/SYSTICK.o
                0x0000000020005000                _estack = (ORIGIN (RAM) + LENGTH (RAM))

.isr_vector     0x0000000008000000      0x130
                0x0000000008000000                . = ALIGN (0x4)
 *(.isr_vector)
 .isr_vector    0x0000000008000000      0x130 Output/startup.o
                0x0000000008000000                g_pfnVectors
                0x0000000008000130                . = ALIGN (0x4)

.text           0x0000000008000130      0x8fc
                0x0000000008000130                . = ALIGN (0x4)
 *(.text)
 .text          0x0000000008000130       0xb0 Output/main.o
                0x0000000008000130                main
 .text          0x00000000080001e0       0x64 Output/startup.o
                0x00000000080001e0                Reset_Handler
                0x000000000800023c                EXTI2_IRQHandler
                0x000000000800023c                TIM8_TRG_COM_IRQHandler
                0x000000000800023c                TIM8_CC_IRQHandler
                0x000000000800023c                DebugMon_Handler
                0x000000000800023c                TIM1_CC_IRQHandler
                0x000000000800023c                HardFault_Handler
                0x000000000800023c                TIM6_IRQHandler
                0x000000000800023c                PVD_IRQHandler
                0x000000000800023c                SDIO_IRQHandler
                0x000000000800023c                PendSV_Handler
                0x000000000800023c                NMI_Handler
                0x000000000800023c                EXTI3_IRQHandler
                0x000000000800023c                I2C2_EV_IRQHandler
                0x000000000800023c                UsageFault_Handler
                0x000000000800023c                ADC1_2_IRQHandler
                0x000000000800023c                SPI1_IRQHandler
                0x000000000800023c                TAMPER_IRQHandler
                0x000000000800023c                TIM8_UP_IRQHandler
                0x000000000800023c                DMA2_Channel2_IRQHandler
                0x000000000800023c                DMA1_Channel4_IRQHandler
                0x000000000800023c                USART3_IRQHandler
                0x000000000800023c                RTC_IRQHandler
                0x000000000800023c                DMA1_Channel7_IRQHandler
                0x000000000800023c                CAN1_RX1_IRQHandler
                0x000000000800023c                UART5_IRQHandler
                0x000000000800023c                ADC3_IRQHandler
                0x000000000800023c                TIM4_IRQHandler
                0x000000000800023c                DMA2_Channel1_IRQHandler
                0x000000000800023c                I2C1_EV_IRQHandler
                0x000000000800023c                DMA1_Channel6_IRQHandler
                0x000000000800023c                UART4_IRQHandler
                0x000000000800023c                TIM3_IRQHandler
                0x000000000800023c                RCC_IRQHandler
                0x000000000800023c                TIM1_TRG_COM_IRQHandler
                0x000000000800023c                DMA1_Channel1_IRQHandler
                0x000000000800023c                Default_Handler
                0x000000000800023c                EXTI15_10_IRQHandler
                0x000000000800023c                TIM7_IRQHandler
                0x000000000800023c                TIM5_IRQHandler
                0x000000000800023c                EXTI9_5_IRQHandler
                0x000000000800023c                SPI2_IRQHandler
                0x000000000800023c                MemManage_Handler
                0x000000000800023c                SVC_Handler
                0x000000000800023c                DMA1_Channel5_IRQHandler
                0x000000000800023c                EXTI4_IRQHandler
                0x000000000800023c                USB_LP_CAN1_RX0_IRQHandler
                0x000000000800023c                USB_HP_CAN1_TX_IRQHandler
                0x000000000800023c                DMA1_Channel3_IRQHandler
                0x000000000800023c                FSMC_IRQHandler
                0x000000000800023c                TIM1_UP_IRQHandler
                0x000000000800023c                WWDG_IRQHandler
                0x000000000800023c                TIM2_IRQHandler
                0x000000000800023c                TIM1_BRK_IRQHandler
                0x000000000800023c                EXTI1_IRQHandler
                0x000000000800023c                RTCAlarm_IRQHandler
                0x000000000800023c                DMA2_Channel4_5_IRQHandler
                0x000000000800023c                USART2_IRQHandler
                0x000000000800023c                I2C2_ER_IRQHandler
                0x000000000800023c                DMA1_Channel2_IRQHandler
                0x000000000800023c                TIM8_BRK_IRQHandler
                0x000000000800023c                CAN1_SCE_IRQHandler
                0x000000000800023c                FLASH_IRQHandler
                0x000000000800023c                BusFault_Handler
                0x000000000800023c                USART1_IRQHandler
                0x000000000800023c                SPI3_IRQHandler
                0x000000000800023c                I2C1_ER_IRQHandler
                0x000000000800023c                USBWakeUp_IRQHandler
                0x000000000800023c                DMA2_Channel3_IRQHandler
 .text          0x0000000008000244      0x1bc Output/GPIO.o
                0x0000000008000244                GPIO_Config
                0x0000000008000386                GPIO_Write_Pin
                0x00000000080003b4                GPIO_Read_Pin
                0x00000000080003dc                GPIO_Toggle_Pin
 .text          0x0000000008000400      0x1e8 Output/RCC.o
                0x0000000008000400                RCC_Config_72Mhz
                0x00000000080004b4                RCC_Enable_PortA
                0x00000000080004d0                RCC_Enable_PortB
                0x00000000080004ec                RCC_Enable_PortC
                0x0000000008000508                RCC_Enable_AFIO
                0x0000000008000524                RCC_Enable_TIM2
                0x0000000008000540                RCC_Enable_ADC01
                0x000000000800055c                RCC_Enable_UART1
                0x0000000008000578                RCC_Enable_SPI1
                0x0000000008000594                RCC_Enable_I2C1
                0x00000000080005b0                RCC_Enable_USB
                0x00000000080005cc                RCC_Enable_UART2
 .text          0x00000000080005e8      0x2d4 Output/EXTI.o
                0x00000000080005e8                EXTI0_IRQHandler
                0x0000000008000614                get_Pin_Number
                0x0000000008000650                EXTI_Init
                0x0000000008000884                NVIC_UART_En
                0x00000000080008a0                NVIC_USB_En
 .text          0x00000000080008bc       0xe0 Output/UART.o
                0x00000000080008bc                UART1_Init
                0x0000000008000918                UART1_SendChar
                0x0000000008000948                UART1_SendString
                0x0000000008000972                UART1_ReadChar
 .text          0x000000000800099c       0x90 Output/SYSTICK.o
                0x000000000800099c                SysTick_Init
                0x00000000080009cc                SysTick_Handler
                0x00000000080009e8                SysTick_GetTick
                0x00000000080009fc                SysTick_DelayMs
 *(.text.*)
 *(.rodata)
 *(.rodata.*)
                0x0000000008000a2c                . = ALIGN (0x4)
                0x0000000008000a2c                _etext = .

.glue_7         0x0000000008000a2c        0x0
 .glue_7        0x0000000008000a2c        0x0 linker stubs

.glue_7t        0x0000000008000a2c        0x0
 .glue_7t       0x0000000008000a2c        0x0 linker stubs

.vfp11_veneer   0x0000000008000a2c        0x0
 .vfp11_veneer  0x0000000008000a2c        0x0 linker stubs

.v4_bx          0x0000000008000a2c        0x0
 .v4_bx         0x0000000008000a2c        0x0 linker stubs

.iplt           0x0000000008000a2c        0x0
 .iplt          0x0000000008000a2c        0x0 Output/main.o

.rel.dyn        0x0000000008000a2c        0x0
 .rel.iplt      0x0000000008000a2c        0x0 Output/main.o

.data           0x0000000020000000        0x0 load address 0x0000000008000a2c
                0x0000000020000000                . = ALIGN (0x4)
                0x0000000020000000                _sdata = .
 *(.data)
 .data          0x0000000020000000        0x0 Output/main.o
 .data          0x0000000020000000        0x0 Output/startup.o
 .data          0x0000000020000000        0x0 Output/GPIO.o
 .data          0x0000000020000000        0x0 Output/RCC.o
 .data          0x0000000020000000        0x0 Output/EXTI.o
 .data          0x0000000020000000        0x0 Output/UART.o
 .data          0x0000000020000000        0x0 Output/SYSTICK.o
 *(.data.*)
                0x0000000020000000                . = ALIGN (0x4)
                0x0000000020000000                _edata = .
                0x0000000008000a2c                _sidata = LOADADDR (.data)

.igot.plt       0x0000000020000000        0x0 load address 0x0000000008000a2c
 .igot.plt      0x0000000020000000        0x0 Output/main.o

.bss            0x0000000020000000        0x4 load address 0x0000000008000a2c
                0x0000000020000000                . = ALIGN (0x4)
                0x0000000020000000                _sbss = .
 *(.bss)
 .bss           0x0000000020000000        0x0 Output/main.o
 .bss           0x0000000020000000        0x0 Output/startup.o
 .bss           0x0000000020000000        0x0 Output/GPIO.o
 .bss           0x0000000020000000        0x0 Output/RCC.o
 .bss           0x0000000020000000        0x0 Output/EXTI.o
 .bss           0x0000000020000000        0x0 Output/UART.o
 .bss           0x0000000020000000        0x4 Output/SYSTICK.o
 *(.bss.*)
 *(COMMON)
                0x0000000020000004                . = ALIGN (0x4)
                0x0000000020000004                _ebss = .

/DISCARD/
 *(.comment)
 *(.note*)
OUTPUT(Output/main.elf elf32-littlearm)
LOAD linker stubs

.ARM.attributes
                0x0000000000000000       0x2d
 .ARM.attributes
                0x0000000000000000       0x2d Output/main.o
 .ARM.attributes
                0x000000000000002d       0x2d Output/startup.o
 .ARM.attributes
                0x000000000000005a       0x2d Output/GPIO.o
 .ARM.attributes
                0x0000000000000087       0x2d Output/RCC.o
 .ARM.attributes
                0x00000000000000b4       0x2d Output/EXTI.o
 .ARM.attributes
                0x00000000000000e1       0x2d Output/UART.o
 .ARM.attributes
                0x000000000000010e       0x2d Output/SYSTICK.o
