
Discarded input sections

 .comment       0x0000000000000000       0x34 Output/main.o
 .comment       0x0000000000000000       0x34 Output/startup.o
 .comment       0x0000000000000000       0x34 Output/GPIO.o
 .comment       0x0000000000000000       0x34 Output/RCC.o
 .comment       0x0000000000000000       0x34 Output/EXTI.o
 .comment       0x0000000000000000       0x34 Output/UART.o
 .comment       0x0000000000000000       0x34 Output/SYSTICK.o
 .comment       0x0000000000000000       0x34 Output/ADC.o
 .comment       0x0000000000000000       0x34 Output/TIM.o

Memory Configuration

Name             Origin             Length             Attributes
FLASH            0x0000000008000000 0x0000000000010000 xr
RAM              0x0000000020000000 0x0000000000005000 xrw
*default*        0x0000000000000000 0xffffffffffffffff

Linker script and memory map

LOAD Output/main.o
LOAD Output/startup.o
LOAD Output/GPIO.o
LOAD Output/RCC.o
LOAD Output/EXTI.o
LOAD Output/UART.o
LOAD Output/SYSTICK.o
LOAD Output/ADC.o
LOAD Output/TIM.o
                0x0000000020005000                _estack = (ORIGIN (RAM) + LENGTH (RAM))

.isr_vector     0x0000000008000000      0x130
                0x0000000008000000                . = ALIGN (0x4)
 *(.isr_vector)
 .isr_vector    0x0000000008000000      0x130 Output/startup.o
                0x0000000008000000                g_pfnVectors
                0x0000000008000130                . = ALIGN (0x4)

.text           0x0000000008000130      0xbcc
                0x0000000008000130                . = ALIGN (0x4)
 *(.text)
 .text          0x0000000008000130       0x64 Output/main.o
                0x0000000008000130                main
 .text          0x0000000008000194       0x64 Output/startup.o
                0x0000000008000194                Reset_Handler
                0x00000000080001f0                EXTI2_IRQHandler
                0x00000000080001f0                TIM8_TRG_COM_IRQHandler
                0x00000000080001f0                TIM8_CC_IRQHandler
                0x00000000080001f0                DebugMon_Handler
                0x00000000080001f0                TIM1_CC_IRQHandler
                0x00000000080001f0                HardFault_Handler
                0x00000000080001f0                TIM6_IRQHandler
                0x00000000080001f0                PVD_IRQHandler
                0x00000000080001f0                SDIO_IRQHandler
                0x00000000080001f0                PendSV_Handler
                0x00000000080001f0                NMI_Handler
                0x00000000080001f0                EXTI3_IRQHandler
                0x00000000080001f0                I2C2_EV_IRQHandler
                0x00000000080001f0                UsageFault_Handler
                0x00000000080001f0                ADC1_2_IRQHandler
                0x00000000080001f0                SPI1_IRQHandler
                0x00000000080001f0                TAMPER_IRQHandler
                0x00000000080001f0                TIM8_UP_IRQHandler
                0x00000000080001f0                DMA2_Channel2_IRQHandler
                0x00000000080001f0                DMA1_Channel4_IRQHandler
                0x00000000080001f0                USART3_IRQHandler
                0x00000000080001f0                RTC_IRQHandler
                0x00000000080001f0                DMA1_Channel7_IRQHandler
                0x00000000080001f0                CAN1_RX1_IRQHandler
                0x00000000080001f0                UART5_IRQHandler
                0x00000000080001f0                ADC3_IRQHandler
                0x00000000080001f0                TIM4_IRQHandler
                0x00000000080001f0                DMA2_Channel1_IRQHandler
                0x00000000080001f0                I2C1_EV_IRQHandler
                0x00000000080001f0                DMA1_Channel6_IRQHandler
                0x00000000080001f0                UART4_IRQHandler
                0x00000000080001f0                TIM3_IRQHandler
                0x00000000080001f0                RCC_IRQHandler
                0x00000000080001f0                TIM1_TRG_COM_IRQHandler
                0x00000000080001f0                DMA1_Channel1_IRQHandler
                0x00000000080001f0                Default_Handler
                0x00000000080001f0                EXTI15_10_IRQHandler
                0x00000000080001f0                TIM7_IRQHandler
                0x00000000080001f0                TIM5_IRQHandler
                0x00000000080001f0                EXTI9_5_IRQHandler
                0x00000000080001f0                SPI2_IRQHandler
                0x00000000080001f0                MemManage_Handler
                0x00000000080001f0                SVC_Handler
                0x00000000080001f0                DMA1_Channel5_IRQHandler
                0x00000000080001f0                EXTI4_IRQHandler
                0x00000000080001f0                USB_LP_CAN1_RX0_IRQHandler
                0x00000000080001f0                USB_HP_CAN1_TX_IRQHandler
                0x00000000080001f0                DMA1_Channel3_IRQHandler
                0x00000000080001f0                FSMC_IRQHandler
                0x00000000080001f0                TIM1_UP_IRQHandler
                0x00000000080001f0                WWDG_IRQHandler
                0x00000000080001f0                TIM2_IRQHandler
                0x00000000080001f0                TIM1_BRK_IRQHandler
                0x00000000080001f0                EXTI1_IRQHandler
                0x00000000080001f0                RTCAlarm_IRQHandler
                0x00000000080001f0                DMA2_Channel4_5_IRQHandler
                0x00000000080001f0                USART2_IRQHandler
                0x00000000080001f0                I2C2_ER_IRQHandler
                0x00000000080001f0                DMA1_Channel2_IRQHandler
                0x00000000080001f0                TIM8_BRK_IRQHandler
                0x00000000080001f0                CAN1_SCE_IRQHandler
                0x00000000080001f0                FLASH_IRQHandler
                0x00000000080001f0                BusFault_Handler
                0x00000000080001f0                USART1_IRQHandler
                0x00000000080001f0                SPI3_IRQHandler
                0x00000000080001f0                I2C1_ER_IRQHandler
                0x00000000080001f0                USBWakeUp_IRQHandler
                0x00000000080001f0                DMA2_Channel3_IRQHandler
 .text          0x00000000080001f8      0x1bc Output/GPIO.o
                0x00000000080001f8                GPIO_Config
                0x000000000800033a                GPIO_Write_Pin
                0x0000000008000368                GPIO_Read_Pin
                0x0000000008000390                GPIO_Toggle_Pin
 .text          0x00000000080003b4      0x1e8 Output/RCC.o
                0x00000000080003b4                RCC_Config_72Mhz
                0x0000000008000468                RCC_Enable_PortA
                0x0000000008000484                RCC_Enable_PortB
                0x00000000080004a0                RCC_Enable_PortC
                0x00000000080004bc                RCC_Enable_AFIO
                0x00000000080004d8                RCC_Enable_TIM2
                0x00000000080004f4                RCC_Enable_ADC01
                0x0000000008000510                RCC_Enable_UART1
                0x000000000800052c                RCC_Enable_SPI1
                0x0000000008000548                RCC_Enable_I2C1
                0x0000000008000564                RCC_Enable_USB
                0x0000000008000580                RCC_Enable_UART2
 .text          0x000000000800059c      0x2d4 Output/EXTI.o
                0x000000000800059c                EXTI0_IRQHandler
                0x00000000080005c8                get_Pin_Number
                0x0000000008000604                EXTI_Init
                0x0000000008000838                NVIC_UART_En
                0x0000000008000854                NVIC_USB_En
 .text          0x0000000008000870      0x100 Output/UART.o
                0x0000000008000870                UART1_Init
                0x00000000080008ec                UART1_SendChar
                0x000000000800091c                UART1_SendString
                0x0000000008000946                UART1_ReadChar
 .text          0x0000000008000970       0x90 Output/SYSTICK.o
                0x0000000008000970                SysTick_Init
                0x00000000080009a0                SysTick_Handler
                0x00000000080009bc                SysTick_GetTick
                0x00000000080009d0                SysTick_DelayMs
 .text          0x0000000008000a00      0x12c Output/ADC.o
                0x0000000008000a00                ADC01_CH3_Init
                0x0000000008000afc                ADC01_CH3_Read
 .text          0x0000000008000b2c      0x1d0 Output/TIM.o
                0x0000000008000b2c                TIM2_PWM_Init
                0x0000000008000c3a                TIM2_PWM_SetDuty
                0x0000000008000cc4                TIM2_Start
                0x0000000008000ce0                TIM2_Stop
 *(.text.*)
 *(.rodata)
 *(.rodata.*)
                0x0000000008000cfc                . = ALIGN (0x4)
                0x0000000008000cfc                _etext = .

.glue_7         0x0000000008000cfc        0x0
 .glue_7        0x0000000008000cfc        0x0 linker stubs

.glue_7t        0x0000000008000cfc        0x0
 .glue_7t       0x0000000008000cfc        0x0 linker stubs

.vfp11_veneer   0x0000000008000cfc        0x0
 .vfp11_veneer  0x0000000008000cfc        0x0 linker stubs

.v4_bx          0x0000000008000cfc        0x0
 .v4_bx         0x0000000008000cfc        0x0 linker stubs

.iplt           0x0000000008000cfc        0x0
 .iplt          0x0000000008000cfc        0x0 Output/main.o

.rel.dyn        0x0000000008000cfc        0x0
 .rel.iplt      0x0000000008000cfc        0x0 Output/main.o

.data           0x0000000020000000        0x0 load address 0x0000000008000cfc
                0x0000000020000000                . = ALIGN (0x4)
                0x0000000020000000                _sdata = .
 *(.data)
 .data          0x0000000020000000        0x0 Output/main.o
 .data          0x0000000020000000        0x0 Output/startup.o
 .data          0x0000000020000000        0x0 Output/GPIO.o
 .data          0x0000000020000000        0x0 Output/RCC.o
 .data          0x0000000020000000        0x0 Output/EXTI.o
 .data          0x0000000020000000        0x0 Output/UART.o
 .data          0x0000000020000000        0x0 Output/SYSTICK.o
 .data          0x0000000020000000        0x0 Output/ADC.o
 .data          0x0000000020000000        0x0 Output/TIM.o
 *(.data.*)
                0x0000000020000000                . = ALIGN (0x4)
                0x0000000020000000                _edata = .
                0x0000000008000cfc                _sidata = LOADADDR (.data)

.igot.plt       0x0000000020000000        0x0 load address 0x0000000008000cfc
 .igot.plt      0x0000000020000000        0x0 Output/main.o

.bss            0x0000000020000000        0x4 load address 0x0000000008000cfc
                0x0000000020000000                . = ALIGN (0x4)
                0x0000000020000000                _sbss = .
 *(.bss)
 .bss           0x0000000020000000        0x0 Output/main.o
 .bss           0x0000000020000000        0x0 Output/startup.o
 .bss           0x0000000020000000        0x0 Output/GPIO.o
 .bss           0x0000000020000000        0x0 Output/RCC.o
 .bss           0x0000000020000000        0x0 Output/EXTI.o
 .bss           0x0000000020000000        0x0 Output/UART.o
 .bss           0x0000000020000000        0x4 Output/SYSTICK.o
 .bss           0x0000000020000004        0x0 Output/ADC.o
 .bss           0x0000000020000004        0x0 Output/TIM.o
 *(.bss.*)
 *(COMMON)
                0x0000000020000004                . = ALIGN (0x4)
                0x0000000020000004                _ebss = .

/DISCARD/
 *(.comment)
 *(.note*)
OUTPUT(Output/main.elf elf32-littlearm)
LOAD linker stubs

.ARM.attributes
                0x0000000000000000       0x2d
 .ARM.attributes
                0x0000000000000000       0x2d Output/main.o
 .ARM.attributes
                0x000000000000002d       0x2d Output/startup.o
 .ARM.attributes
                0x000000000000005a       0x2d Output/GPIO.o
 .ARM.attributes
                0x0000000000000087       0x2d Output/RCC.o
 .ARM.attributes
                0x00000000000000b4       0x2d Output/EXTI.o
 .ARM.attributes
                0x00000000000000e1       0x2d Output/UART.o
 .ARM.attributes
                0x000000000000010e       0x2d Output/SYSTICK.o
 .ARM.attributes
                0x000000000000013b       0x2d Output/ADC.o
 .ARM.attributes
                0x0000000000000168       0x2d Output/TIM.o
