
Discarded input sections

 .comment       0x0000000000000000       0x34 Output/main.o
 .comment       0x0000000000000000       0x34 Output/startup.o
 .comment       0x0000000000000000       0x34 Output/GPIO.o
 .comment       0x0000000000000000       0x34 Output/RCC.o

Memory Configuration

Name             Origin             Length             Attributes
FLASH            0x0000000008000000 0x0000000000010000 xr
RAM              0x0000000020000000 0x0000000000005000 xrw
*default*        0x0000000000000000 0xffffffffffffffff

Linker script and memory map

LOAD Output/main.o
LOAD Output/startup.o
LOAD Output/GPIO.o
LOAD Output/RCC.o
                0x0000000020005000                _estack = (ORIGIN (RAM) + LENGTH (RAM))

.isr_vector     0x0000000008000000      0x130
                0x0000000008000000                . = ALIGN (0x4)
 *(.isr_vector)
 .isr_vector    0x0000000008000000      0x130 Output/startup.o
                0x0000000008000000                g_pfnVectors
                0x0000000008000130                . = ALIGN (0x4)

.text           0x0000000008000130     0x1330
                0x0000000008000130                . = ALIGN (0x4)
 *(.text)
 .text          0x0000000008000130      0xd38 Output/main.o
                0x0000000008000130                delay_ms
                0x000000000800016e                UART1_Init
                0x0000000008000204                UART1_SendChar
                0x0000000008000234                UART1_SendString
                0x000000000800025e                UART1_ReadChar
                0x0000000008000288                UART1_Send2
                0x00000000080002d4                I2C1_Init
                0x0000000008000374                I2C1_Start
                0x00000000080003f4                I2C1_Stop
                0x0000000008000410                I2C1_SendAddress
                0x000000000800047c                I2C1_WriteByte
                0x00000000080004f0                I2C1_ReadByte
                0x0000000008000564                DS1307_WriteReg
                0x00000000080005d0                DS1307_ReadReg
                0x0000000008000678                BCD_To_DEC
                0x00000000080006a8                DEC_To_BCD
                0x00000000080006f0                DS1307_ReadTime
                0x000000000800089c                DS1307_SetTime
                0x00000000080009de                RTC_PrintTime
                0x0000000008000a60                StringEqual
                0x0000000008000ace                ToNumber
                0x0000000008000b4c                ProcessSetCommand
                0x0000000008000c88                ProcessCommand
                0x0000000008000ce8                main
 .text          0x0000000008000e68       0x64 Output/startup.o
                0x0000000008000e68                Reset_Handler
                0x0000000008000ec4                EXTI2_IRQHandler
                0x0000000008000ec4                TIM8_TRG_COM_IRQHandler
                0x0000000008000ec4                TIM8_CC_IRQHandler
                0x0000000008000ec4                DebugMon_Handler
                0x0000000008000ec4                TIM1_CC_IRQHandler
                0x0000000008000ec4                HardFault_Handler
                0x0000000008000ec4                TIM6_IRQHandler
                0x0000000008000ec4                SysTick_Handler
                0x0000000008000ec4                PVD_IRQHandler
                0x0000000008000ec4                SDIO_IRQHandler
                0x0000000008000ec4                PendSV_Handler
                0x0000000008000ec4                NMI_Handler
                0x0000000008000ec4                EXTI3_IRQHandler
                0x0000000008000ec4                EXTI0_IRQHandler
                0x0000000008000ec4                I2C2_EV_IRQHandler
                0x0000000008000ec4                UsageFault_Handler
                0x0000000008000ec4                ADC1_2_IRQHandler
                0x0000000008000ec4                SPI1_IRQHandler
                0x0000000008000ec4                TAMPER_IRQHandler
                0x0000000008000ec4                TIM8_UP_IRQHandler
                0x0000000008000ec4                DMA2_Channel2_IRQHandler
                0x0000000008000ec4                DMA1_Channel4_IRQHandler
                0x0000000008000ec4                USART3_IRQHandler
                0x0000000008000ec4                RTC_IRQHandler
                0x0000000008000ec4                DMA1_Channel7_IRQHandler
                0x0000000008000ec4                CAN1_RX1_IRQHandler
                0x0000000008000ec4                UART5_IRQHandler
                0x0000000008000ec4                ADC3_IRQHandler
                0x0000000008000ec4                TIM4_IRQHandler
                0x0000000008000ec4                DMA2_Channel1_IRQHandler
                0x0000000008000ec4                I2C1_EV_IRQHandler
                0x0000000008000ec4                DMA1_Channel6_IRQHandler
                0x0000000008000ec4                UART4_IRQHandler
                0x0000000008000ec4                TIM3_IRQHandler
                0x0000000008000ec4                RCC_IRQHandler
                0x0000000008000ec4                TIM1_TRG_COM_IRQHandler
                0x0000000008000ec4                DMA1_Channel1_IRQHandler
                0x0000000008000ec4                Default_Handler
                0x0000000008000ec4                EXTI15_10_IRQHandler
                0x0000000008000ec4                TIM7_IRQHandler
                0x0000000008000ec4                TIM5_IRQHandler
                0x0000000008000ec4                EXTI9_5_IRQHandler
                0x0000000008000ec4                SPI2_IRQHandler
                0x0000000008000ec4                MemManage_Handler
                0x0000000008000ec4                SVC_Handler
                0x0000000008000ec4                DMA1_Channel5_IRQHandler
                0x0000000008000ec4                EXTI4_IRQHandler
                0x0000000008000ec4                USB_LP_CAN1_RX0_IRQHandler
                0x0000000008000ec4                USB_HP_CAN1_TX_IRQHandler
                0x0000000008000ec4                DMA1_Channel3_IRQHandler
                0x0000000008000ec4                FSMC_IRQHandler
                0x0000000008000ec4                TIM1_UP_IRQHandler
                0x0000000008000ec4                WWDG_IRQHandler
                0x0000000008000ec4                TIM2_IRQHandler
                0x0000000008000ec4                TIM1_BRK_IRQHandler
                0x0000000008000ec4                EXTI1_IRQHandler
                0x0000000008000ec4                RTCAlarm_IRQHandler
                0x0000000008000ec4                DMA2_Channel4_5_IRQHandler
                0x0000000008000ec4                USART2_IRQHandler
                0x0000000008000ec4                I2C2_ER_IRQHandler
                0x0000000008000ec4                DMA1_Channel2_IRQHandler
                0x0000000008000ec4                TIM8_BRK_IRQHandler
                0x0000000008000ec4                CAN1_SCE_IRQHandler
                0x0000000008000ec4                FLASH_IRQHandler
                0x0000000008000ec4                BusFault_Handler
                0x0000000008000ec4                USART1_IRQHandler
                0x0000000008000ec4                SPI3_IRQHandler
                0x0000000008000ec4                I2C1_ER_IRQHandler
                0x0000000008000ec4                USBWakeUp_IRQHandler
                0x0000000008000ec4                DMA2_Channel3_IRQHandler
 .text          0x0000000008000ecc      0x2bc Output/GPIO.o
                0x0000000008000fac                GPIO_Config
                0x000000000800110c                GPIO_Read_Pin
                0x000000000800113e                GPIO_Write_Pin
 .text          0x0000000008001188      0x15c Output/RCC.o
                0x0000000008001188                RCC_Config_72Mhz
                0x0000000008001258                RCC_Enable_PortA
                0x0000000008001274                RCC_Enable_PortB
                0x0000000008001290                RCC_Enable_AFIO
                0x00000000080012ac                RCC_Enable_UART1
                0x00000000080012c8                RCC_Enable_I2C1
 *(.text.*)
 *(.rodata)
 .rodata        0x00000000080012e4      0x17b Output/main.o
 *(.rodata.*)
                0x0000000008001460                . = ALIGN (0x4)
 *fill*         0x000000000800145f        0x1 
                0x0000000008001460                _etext = .

.glue_7         0x0000000008001460        0x0
 .glue_7        0x0000000008001460        0x0 linker stubs

.glue_7t        0x0000000008001460        0x0
 .glue_7t       0x0000000008001460        0x0 linker stubs

.vfp11_veneer   0x0000000008001460        0x0
 .vfp11_veneer  0x0000000008001460        0x0 linker stubs

.v4_bx          0x0000000008001460        0x0
 .v4_bx         0x0000000008001460        0x0 linker stubs

.iplt           0x0000000008001460        0x0
 .iplt          0x0000000008001460        0x0 Output/main.o

.rel.dyn        0x0000000008001460        0x0
 .rel.iplt      0x0000000008001460        0x0 Output/main.o

.data           0x0000000020000000        0x0 load address 0x0000000008001460
                0x0000000020000000                . = ALIGN (0x4)
                0x0000000020000000                _sdata = .
 *(.data)
 .data          0x0000000020000000        0x0 Output/main.o
 .data          0x0000000020000000        0x0 Output/startup.o
 .data          0x0000000020000000        0x0 Output/GPIO.o
 .data          0x0000000020000000        0x0 Output/RCC.o
 *(.data.*)
                0x0000000020000000                . = ALIGN (0x4)
                0x0000000020000000                _edata = .
                0x0000000008001460                _sidata = LOADADDR (.data)

.igot.plt       0x0000000020000000        0x0 load address 0x0000000008001460
 .igot.plt      0x0000000020000000        0x0 Output/main.o

.bss            0x0000000020000000       0x44 load address 0x0000000008001460
                0x0000000020000000                . = ALIGN (0x4)
                0x0000000020000000                _sbss = .
 *(.bss)
 .bss           0x0000000020000000       0x42 Output/main.o
                0x0000000020000000                uart_buffer
                0x0000000020000040                uart_index
                0x0000000020000041                rtc_running
 .bss           0x0000000020000042        0x0 Output/startup.o
 .bss           0x0000000020000042        0x0 Output/GPIO.o
 .bss           0x0000000020000042        0x0 Output/RCC.o
 *(.bss.*)
 *(COMMON)
                0x0000000020000044                . = ALIGN (0x4)
 *fill*         0x0000000020000042        0x2 
                0x0000000020000044                _ebss = .

/DISCARD/
 *(.comment)
 *(.note*)
OUTPUT(Output/main.elf elf32-littlearm)
LOAD linker stubs

.ARM.attributes
                0x0000000000000000       0x2d
 .ARM.attributes
                0x0000000000000000       0x2d Output/main.o
 .ARM.attributes
                0x000000000000002d       0x2d Output/startup.o
 .ARM.attributes
                0x000000000000005a       0x2d Output/GPIO.o
 .ARM.attributes
                0x0000000000000087       0x2d Output/RCC.o
